START DELIVERY PUSH offer_id=205
OFFER FOUND courier=2 delivery=16454
NOTIFICATION CREATED=True
EXTERNAL IDS=[]
NO EXTERNAL IDS
START DELIVERY PUSH offer_id=206
OFFER FOUND courier=2 delivery=16456
NOTIFICATION CREATED=True
EXTERNAL IDS=[]
NO EXTERNAL IDS
START DELIVERY PUSH offer_id=207
OFFER FOUND courier=2 delivery=16457
NOTIFICATION CREATED=True
EXTERNAL IDS=[]
NO EXTERNAL IDS
START DELIVERY PUSH offer_id=208
OFFER FOUND courier=2 delivery=16458
EXTERNAL IDS=['1', '0']
STATUS=200
BODY={"id":"","errors":["All included players are not subscribed"]}
SUCCESS SENT
