START event=delivery_offer_accepted user=66 event_key=delivery_offer_accepted_205
FAILED onesignal event_key=delivery_offer_accepted_205 response={"errors": ["Access denied.  Please include an 'Authorization: ...' header with a valid API key (https://documentation.onesignal.com/docs/en/keys-and-ids#api-keys)."]}

START event=delivery_offer_accepted user=37 event_key=delivery_offer_accepted_206
FAILED no external_ids event_key=delivery_offer_accepted_206
START event=delivery_offer_accepted user=66 event_key=delivery_offer_accepted_207
FAILED onesignal event_key=delivery_offer_accepted_207 response={"errors": ["Access denied.  Please include an 'Authorization: ...' header with a valid API key (https://documentation.onesignal.com/docs/en/keys-and-ids#api-keys)."]}

START event=delivery_offer_accepted user=66 event_key=delivery_offer_accepted_208
START event=delivery_offer user=2 event_key=delivery_offer_209
START event=delivery_offer_accepted user=66 event_key=delivery_offer_accepted_209
START event=delivery_arrived user=66 event_key=delivery_arrived_16459
START event=delivery_picked_up user=66 event_key=delivery_picked_up_16459
START event=delivery_arrived_b user=66 event_key=delivery_arrived_b_16459
START event=delivery_completed user=66 event_key=delivery_completed_16459
START event=taxi_offer user=8 event_key=taxi_offer_589
START event=taxi_offer user=12 event_key=taxi_offer_590
START event=taxi_offer user=13 event_key=taxi_offer_591
START event=taxi_offer user=33 event_key=taxi_offer_592
START event=taxi_offer user=27 event_key=taxi_offer_593
START event=taxi_offer user=16 event_key=taxi_offer_594
START event=taxi_offer_accepted user=66 event_key=taxi_offer_accepted_593
START event=taxi_arrived user=66 event_key=taxi_arrived_156
START event=taxi_started user=66 event_key=taxi_started_156
START event=taxi_completed user=66 event_key=taxi_completed_156
START event=taxi_offer user=33 event_key=taxi_offer_595
START event=taxi_offer user=13 event_key=taxi_offer_596
START event=taxi_offer user=12 event_key=taxi_offer_597
START event=taxi_offer user=8 event_key=taxi_offer_598
START event=taxi_offer user=16 event_key=taxi_offer_599
START event=taxi_offer user=27 event_key=taxi_offer_600
START event=taxi_offer user=8 event_key=taxi_offer_601
START event=taxi_offer user=13 event_key=taxi_offer_602
START event=taxi_offer user=12 event_key=taxi_offer_603
START event=taxi_offer user=33 event_key=taxi_offer_604
START event=taxi_offer user=8 event_key=taxi_offer_605
START event=taxi_offer user=27 event_key=taxi_offer_606
START event=taxi_offer user=13 event_key=taxi_offer_607
START event=taxi_offer_accepted user=25 event_key=taxi_offer_accepted_606
START event=taxi_arrived user=25 event_key=taxi_arrived_159
START event=taxi_started user=25 event_key=taxi_started_159
START event=taxi_completed user=25 event_key=taxi_completed_159
START event=taxi_offer user=13 event_key=taxi_offer_608
START event=taxi_offer user=8 event_key=taxi_offer_609
START event=taxi_offer user=33 event_key=taxi_offer_610
START event=taxi_offer user=12 event_key=taxi_offer_611
START event=taxi_offer user=16 event_key=taxi_offer_612
START event=taxi_offer user=13 event_key=taxi_offer_613
START event=taxi_offer user=8 event_key=taxi_offer_614
START event=taxi_offer user=33 event_key=taxi_offer_615
START event=taxi_offer user=12 event_key=taxi_offer_616
START event=taxi_offer user=13 event_key=taxi_offer_617
START event=taxi_offer user=8 event_key=taxi_offer_618
START event=taxi_offer user=33 event_key=taxi_offer_619
START event=taxi_offer user=27 event_key=taxi_offer_620
START event=taxi_offer user=12 event_key=taxi_offer_621
START event=delivery_cancelled user=69 event_key=delivery_cancelled_16460
START event=delivery_cancelled user=69 event_key=delivery_cancelled_16461
START event=delivery_cancelled user=66 event_key=delivery_cancelled_16462
START event=delivery_cancelled user=66 event_key=delivery_cancelled_16463
START event=delivery_cancelled user=66 event_key=delivery_cancelled_16464
START event=delivery_cancelled user=69 event_key=delivery_cancelled_16465
START event=delivery_cancelled user=69 event_key=delivery_cancelled_16466
START event=delivery_cancelled user=66 event_key=delivery_cancelled_16467
START event=delivery_cancelled user=69 event_key=delivery_cancelled_16468
START event=delivery_cancelled user=66 event_key=delivery_cancelled_16469
START event=delivery_cancelled user=66 event_key=delivery_cancelled_16470
START event=delivery_cancelled user=69 event_key=delivery_cancelled_16472
START event=delivery_cancelled user=69 event_key=delivery_cancelled_16473
START event=taxi_offer_accepted user=75 event_key=taxi_offer_accepted_680
START event=taxi_arrived user=75 event_key=taxi_arrived_173
START event=taxi_started user=75 event_key=taxi_started_173
START event=taxi_completed user=75 event_key=taxi_completed_173
START event=delivery_offer user=2 event_key=delivery_offer_210
START event=delivery_offer_accepted user=37 event_key=delivery_offer_accepted_210
START event=delivery_arrived user=37 event_key=delivery_arrived_16478
START event=delivery_picked_up user=37 event_key=delivery_picked_up_16478
START event=delivery_arrived_b user=37 event_key=delivery_arrived_b_16478
START event=delivery_completed user=37 event_key=delivery_completed_16478
START event=delivery_offer user=2 event_key=delivery_offer_211
START event=delivery_offer_accepted user=37 event_key=delivery_offer_accepted_211
START event=delivery_arrived user=37 event_key=delivery_arrived_16479
START event=delivery_picked_up user=37 event_key=delivery_picked_up_16479
START event=delivery_arrived_b user=37 event_key=delivery_arrived_b_16479
START event=delivery_completed user=37 event_key=delivery_completed_16479
START event=delivery_offer user=2 event_key=delivery_offer_212
START event=delivery_offer_accepted user=37 event_key=delivery_offer_accepted_212
START event=delivery_arrived user=37 event_key=delivery_arrived_16480
START event=delivery_picked_up user=37 event_key=delivery_picked_up_16480
START event=delivery_arrived_b user=37 event_key=delivery_arrived_b_16480
START event=delivery_completed user=37 event_key=delivery_completed_16480
START event=taxi_offer_accepted user=37 event_key=taxi_offer_accepted_732
START event=taxi_arrived user=37 event_key=taxi_arrived_185
START event=taxi_started user=37 event_key=taxi_started_185
START event=delivery_offer user=2 event_key=delivery_offer_213
START event=delivery_offer_accepted user=81 event_key=delivery_offer_accepted_213
START event=delivery_arrived user=81 event_key=delivery_arrived_16481
START event=delivery_picked_up user=81 event_key=delivery_picked_up_16481
START event=delivery_arrived_b user=81 event_key=delivery_arrived_b_16481
START event=delivery_completed user=81 event_key=delivery_completed_16481
START event=taxi_offer_accepted user=81 event_key=taxi_offer_accepted_741
START event=taxi_arrived user=81 event_key=taxi_arrived_188
START event=taxi_started user=81 event_key=taxi_started_188
START event=taxi_completed user=81 event_key=taxi_completed_188
START event=slot_booked user=2 event_key=slot_booked_1_2
START event=delivery_cancelled user=75 event_key=delivery_cancelled_16482
START event=delivery_cancelled user=75 event_key=delivery_cancelled_16483
